/*
 * Copyright (c) NeXTHub Corporation. All Rights Reserved.
 * DO NOT ALTER OR REMOVE COPYRIGHT NOTICES OR THIS FILE HEADER.
 *
 * Author: Tunjay Akbarli
 *
 * Licensed under the Apache License, Version 2.0 (the "License");
 * you may not use this file except in compliance with the License.
 * You may obtain a copy of the License at:
 *
 * http://www.apache.org/licenses/LICENSE-2.0
 *
 * Unless required by applicable law or agreed to in writing, software
 * distributed under the License is distributed on an "AS IS" BASIS,
 * WITHOUT WARRANTIES OR CONDITIONS OF ANY KIND, either express or implied.
 * See the License for the specific language governing permissions and
 * limitations under the License.
 *
 * Please contact NeXTHub Corporation, 651 N Broad St, Suite 201,
 * Middletown, DE 19709, New Castle County, USA.
 */
import * as GG from "./lib2";
import { Lib2Class, Lib2Class2, IntAlias, EC1 } from "./lib2";
import { B } from "./lib2";
import { C, D, H, O, P } from "./lib2";
import { E as EE, F } from "./lib2";
import type { I } from "./lib2";
import type { J, K } from "./lib2";
import type { L as LL, M } from "./lib2";
export declare let b: B;
export declare let c: C;
export declare let d: D;
export declare let e: EE;
export declare let f: F;
export declare let g: GG.G;
export declare let i: I;
export declare let j: J;
export declare let k: K;
export declare let l: LL;
export declare let m: M;
export declare let p1: EC1;
export declare function foo1(a: EC1): EC1;
export declare class C1 {
    public constructor();
    public get o1(): Lib2Class;
    public set o1(value: Lib2Class);
    public get o2(): Lib2Class2;
    public set o2(value: Lib2Class2);
    public get v1(): IntAlias;
    public set v1(value: IntAlias);
}
export declare class C2 {
    public get a(): EC1;
    public set a(value: EC1);
    public foo(a: EC1): EC1;
    constructor();
}
export declare interface I1 {
    a: EC1;
    foo(a: EC1): EC1;
}
export { H };
export default O;
export type { P };
