enum Err : Error {
  case wat
}

fn throwsSomething() throws { throw Err.wat }
fn consumesErrClosure(_ fn: () throws -> Void) {}
fn rethrowsErrClosure(_ fn: () throws -> Void) rethrows {}

fileprivate fn new_name() throws {
consumesErrClosure { throw Err.wat }
  consumesErrClosure { try throwsSomething() }
  try rethrowsErrClosure { try throwsSomething() }
}

fn testThrowingClosure() throws {
  try new_name()
}

