/*
 * Copyright (c) NeXTHub Corporation. All Rights Reserved.
 * DO NOT ALTER OR REMOVE COPYRIGHT NOTICES OR THIS FILE HEADER.
 *
 * Author: Tunjay Akbarli
 *
 * Licensed under the Apache License, Version 2.0 (the "License");
 * you may not use this file except in compliance with the License.
 * You may obtain a copy of the License at:
 *
 * http://www.apache.org/licenses/LICENSE-2.0
 *
 * Unless required by applicable law or agreed to in writing, software
 * distributed under the License is distributed on an "AS IS" BASIS,
 * WITHOUT WARRANTIES OR CONDITIONS OF ANY KIND, either express or implied.
 * See the License for the specific language governing permissions and
 * limitations under the License.
 *
 * Please contact NeXTHub Corporation, 651 N Broad St, Suite 201,
 * Middletown, DE 19709, New Castle County, USA.
 */
export declare enum Letter {
    A = 0,
    B = 1,
    C = 2,
}
export declare enum Color {
    Red = 0,
    Green = -100,
    Blue = -99,
    White = 0,
}
export declare enum Color1 {
    Red = 0,
    Green = 1,
    Blue = 2,
}
export declare enum UserRole {
    Admin = "admin",
    Editor = "editor",
    Viewer = "viewer",
    Guest = "guest",
}
export type MyTuple = [number , string , boolean];
