/*
 * Copyright (c) NeXTHub Corporation. All Rights Reserved.
 * DO NOT ALTER OR REMOVE COPYRIGHT NOTICES OR THIS FILE HEADER.
 *
 * Author: Tunjay Akbarli
 *
 * Licensed under the Apache License, Version 2.0 (the "License");
 * you may not use this file except in compliance with the License.
 * You may obtain a copy of the License at:
 *
 * http://www.apache.org/licenses/LICENSE-2.0
 *
 * Unless required by applicable law or agreed to in writing, software
 * distributed under the License is distributed on an "AS IS" BASIS,
 * WITHOUT WARRANTIES OR CONDITIONS OF ANY KIND, either express or implied.
 * See the License for the specific language governing permissions and
 * limitations under the License.
 *
 * Please contact NeXTHub Corporation, 651 N Broad St, Suite 201,
 * Middletown, DE 19709, New Castle County, USA.
 */
export declare const CONSTANT: number;
export declare class Bibka {
    public static get NOT_GLOBAL(): number;
    constructor();
}
export type UT = null | undefined | never;
export type UTA = Array<UT>;
export type a1 = "a" | "b" | "c";
export type b1 = Record<string, number | string | boolean | [] | Record<string, number | string | boolean | []>>;
export type c1 = Record<number, string> | Record<string, number>;
export declare class B<T> {
    constructor();
}
export type A<K, T> = string | B<A<K, T>>;
export type Callback<T> = (data: T) => void;
export type ErrorCallback<T extends Error = BusinessError> = (err: T) => void;
export type AsyncCallback<T, E = void> = (err: BusinessError<E>, data: T) => void;
export declare class BusinessError<T = void> extends Error {
    constructor();
}
