#===----------------------------------------------------------------------===#
#   Copyright (c) NeXTHub Corporation. All Rights Reserved.
#   DO NOT ALTER OR REMOVE COPYRIGHT NOTICES OR THIS FILE HEADER.
#
#   Author: Tunjay Akbarli
#
#   Licensed under the Apache License, Version 2.0 (the "License");
#   you may not use this file except in compliance with the License.
#   You may obtain a copy of the License at:
#
#   http://www.apache.org/licenses/LICENSE-2.0
#
#   Unless required by applicable law or agreed to in writing, software
#   distributed under the License is distributed on an "AS IS" BASIS,
#   WITHOUT WARRANTIES OR CONDITIONS OF ANY KIND, either express or implied.
#   See the License for the specific language governing permissions and
#   limitations under the License.
#
#   Please contact NeXTHub Corporation, 651 N Broad St, Suite 201,
#   Middletown, DE 19709, New Castle County, USA.
#===----------------------------------------------------------------------===#
#
User Details
  Name: John
  Age: 30
  Email: john@example.com
Application Info
  Version: 1.0.0
  System Details
    OS: Windows
    Browser: Chrome
  Performance
    Memory: 4GB
    CPU: 2.4GHz
Debug Information
  Debug Level: Verbose
  Stack Trace: Enabled
  Logging: Enabled
API Calls
  GET /users
  Request Details
    Headers: ConsoleGroupTest.RequestHeaders {Authorization: Bearer token}
  Response
    Status: 200
    Data: [ConsoleGroupTest.User {id: 1, name: John}]
outter
  level 1
  in level 1
    level 2
outter Collapsed
  level 1 Collapsed
  in level 1 Collapsed
    level 2 Collapsed
1,str
  str
    count %d
        1,str,sdsf
