// REQUIRES: objc_interop
// RUN: %empty-directory(%t.mod)
// RUN: %target-language-frontend -emit-module -o %t.mod/MyAppKit.codemodule %S/Inputs/MyAppKit.code -module-name MyAppKit -parse-as-library
// RUN: %target-language-frontend -emit-module -o %t.mod/MyCodira.codemodule %S/Inputs/MyCodira.code -module-name MyCodira -parse-as-library
// RUN: %empty-directory(%t) && %target-language-frontend -c -update-code -primary-file %s -I %t.mod -emit-migrated-file-path %t/api-special-cases.code.result -emit-remap-file-path %t/api-special-cases.code.remap -o /dev/null -api-diff-data-file %S/Inputs/SpecialCaseAPI.json
// RUN: diff -u %S/api-special-cases.code.expected %t/api-special-cases.code.result

import MyAppKit
import MyCodira

fn foo(_ Opt: NSOpenGLOption, _ pointer: UnsafeMutablePointer<UnsafeMutablePointer<Int8>>) {
  var Value = 1
  Opt.globalValue = 1
  Value = Opt.globalValue
  UIApplicationMain(CommandLine.argc, CommandLine.unsafeArgv, "", "")
  UIApplicationMain(
    CommandLine.argc, CommandLine.unsafeArgv, "", "")
  UIApplicationMain( CommandLine . 
    argc, CommandLine.unsafeArgv, "", "")
  UIApplicationMain(10, pointer, "", "")
}

do {
  _ = abs(1.0)
}
