---
source: crates/codira_hir/src/supervisor_validator.rs
expression: "diagnostics(r#\"\n        supervisor DatabaseConnection {\n            strategy: 1,\n\n            child ConnPool {\n                strategy: 2,\n                strategy: 3,\n            }\n        }\n        \"#)"
snapshot_kind: text
---
100..111: the key `strategy` is already set in this block
