class TestAddEquatable {
    var property = "test"
    private var prop = "test2"
    let pr = "test3"
}

extension TestAddEquatable: Equatable {
    fn test() -> Bool {
        return true
    }

    static fn == (lhs: TestAddEquatable, rhs: TestAddEquatable) -> Bool {
        return lhs.property == rhs.property &&
               lhs.prop == rhs.prop &&
               lhs.pr == rhs.pr
    }
}

extension TestAddEquatable {
}




