---
source: crates/codira_syntax/src/tests/parser.rs
expression: "SourceFile::parse(r#\"\n        // Simple paths\n        import package_name;\n        import self.item_in_scope_or_package_name;\n        import self.module.Item;\n        import root.Item;\n        import self.some.Struct;\n        import root.some_item;\n\n        // Use tree list\n        import crate.{Item};\n        import self.{Item};\n\n        // Wildcard import\n        import *; // Error\n        import .*; // Error\n        import crate.*;\n        import crate.{*};\n\n        // Renames\n        import some.path as some_name;\n        import some.{\n            other.path as some_other_name,\n            different.path as different_name,\n            yet.another.path,\n            running.out.of.synonyms.for_.different.*\n        };\n        import Foo as _;\n        \"#,).debug_dump()"
snapshot_kind: text
---
SOURCE_FILE@0..741
  WHITESPACE@0..9 "\n        "
  COMMENT@9..24 "// Simple paths"
  WHITESPACE@24..33 "\n        "
  USE@33..53
    IMPORT_KW@33..39 "import"
    WHITESPACE@39..40 " "
    USE_TREE@40..52
      PATH@40..52
        PATH_SEGMENT@40..52
          NAME_REF@40..52
            IDENT@40..52 "package_name"
    SEMI@52..53 ";"
  WHITESPACE@53..62 "\n        "
  USE@62..104
    IMPORT_KW@62..68 "import"
    WHITESPACE@68..69 " "
    USE_TREE@69..103
      PATH@69..103
        PATH@69..73
          PATH_SEGMENT@69..73
            SELF_KW@69..73 "self"
        DOT@73..74 "."
        PATH_SEGMENT@74..103
          NAME_REF@74..103
            IDENT@74..103 "item_in_scope_or_pack ..."
    SEMI@103..104 ";"
  WHITESPACE@104..113 "\n        "
  USE@113..137
    IMPORT_KW@113..119 "import"
    WHITESPACE@119..120 " "
    USE_TREE@120..136
      PATH@120..136
        PATH@120..131
          PATH@120..124
            PATH_SEGMENT@120..124
              SELF_KW@120..124 "self"
          DOT@124..125 "."
          PATH_SEGMENT@125..131
            NAME_REF@125..131
              IDENT@125..131 "module"
        DOT@131..132 "."
        PATH_SEGMENT@132..136
          NAME_REF@132..136
            IDENT@132..136 "Item"
    SEMI@136..137 ";"
  WHITESPACE@137..146 "\n        "
  USE@146..163
    IMPORT_KW@146..152 "import"
    WHITESPACE@152..153 " "
    USE_TREE@153..162
      PATH@153..162
        PATH@153..157
          PATH_SEGMENT@153..157
            ROOT_KW@153..157 "root"
        DOT@157..158 "."
        PATH_SEGMENT@158..162
          NAME_REF@158..162
            IDENT@158..162 "Item"
    SEMI@162..163 ";"
  WHITESPACE@163..172 "\n        "
  USE@172..196
    IMPORT_KW@172..178 "import"
    WHITESPACE@178..179 " "
    USE_TREE@179..195
      PATH@179..195
        PATH@179..188
          PATH@179..183
            PATH_SEGMENT@179..183
              SELF_KW@179..183 "self"
          DOT@183..184 "."
          PATH_SEGMENT@184..188
            NAME_REF@184..188
              IDENT@184..188 "some"
        DOT@188..189 "."
        PATH_SEGMENT@189..195
          NAME_REF@189..195
            IDENT@189..195 "Struct"
    SEMI@195..196 ";"
  WHITESPACE@196..205 "\n        "
  USE@205..227
    IMPORT_KW@205..211 "import"
    WHITESPACE@211..212 " "
    USE_TREE@212..226
      PATH@212..226
        PATH@212..216
          PATH_SEGMENT@212..216
            ROOT_KW@212..216 "root"
        DOT@216..217 "."
        PATH_SEGMENT@217..226
          NAME_REF@217..226
            IDENT@217..226 "some_item"
    SEMI@226..227 ";"
  WHITESPACE@227..237 "\n\n        "
  COMMENT@237..253 "// Use tree list"
  WHITESPACE@253..262 "\n        "
  USE@262..282
    IMPORT_KW@262..268 "import"
    WHITESPACE@268..269 " "
    USE_TREE@269..281
      PATH@269..274
        PATH_SEGMENT@269..274
          NAME_REF@269..274
            IDENT@269..274 "crate"
      DOT@274..275 "."
      USE_TREE_LIST@275..281
        L_CURLY@275..276 "{"
        USE_TREE@276..280
          PATH@276..280
            PATH_SEGMENT@276..280
              NAME_REF@276..280
                IDENT@276..280 "Item"
        R_CURLY@280..281 "}"
    SEMI@281..282 ";"
  WHITESPACE@282..291 "\n        "
  USE@291..310
    IMPORT_KW@291..297 "import"
    WHITESPACE@297..298 " "
    USE_TREE@298..309
      PATH@298..302
        PATH_SEGMENT@298..302
          SELF_KW@298..302 "self"
      DOT@302..303 "."
      USE_TREE_LIST@303..309
        L_CURLY@303..304 "{"
        USE_TREE@304..308
          PATH@304..308
            PATH_SEGMENT@304..308
              NAME_REF@304..308
                IDENT@304..308 "Item"
        R_CURLY@308..309 "}"
    SEMI@309..310 ";"
  WHITESPACE@310..320 "\n\n        "
  COMMENT@320..338 "// Wildcard import"
  WHITESPACE@338..347 "\n        "
  USE@347..356
    IMPORT_KW@347..353 "import"
    WHITESPACE@353..354 " "
    ERROR@354..355
      STAR@354..355 "*"
    SEMI@355..356 ";"
  WHITESPACE@356..357 " "
  COMMENT@357..365 "// Error"
  WHITESPACE@365..374 "\n        "
  USE@374..382
    IMPORT_KW@374..380 "import"
    WHITESPACE@380..381 " "
    ERROR@381..382
      DOT@381..382 "."
  ERROR@382..383
    STAR@382..383 "*"
  ERROR@383..384
    SEMI@383..384 ";"
  WHITESPACE@384..385 " "
  COMMENT@385..393 "// Error"
  WHITESPACE@393..402 "\n        "
  USE@402..417
    IMPORT_KW@402..408 "import"
    WHITESPACE@408..409 " "
    USE_TREE@409..416
      PATH@409..414
        PATH_SEGMENT@409..414
          NAME_REF@409..414
            IDENT@409..414 "crate"
      DOT@414..415 "."
      STAR@415..416 "*"
    SEMI@416..417 ";"
  WHITESPACE@417..426 "\n        "
  USE@426..443
    IMPORT_KW@426..432 "import"
    WHITESPACE@432..433 " "
    USE_TREE@433..442
      PATH@433..438
        PATH_SEGMENT@433..438
          NAME_REF@433..438
            IDENT@433..438 "crate"
      DOT@438..439 "."
      USE_TREE_LIST@439..442
        L_CURLY@439..440 "{"
        USE_TREE@440..441
          STAR@440..441 "*"
        R_CURLY@441..442 "}"
    SEMI@442..443 ";"
  WHITESPACE@443..453 "\n\n        "
  COMMENT@453..463 "// Renames"
  WHITESPACE@463..472 "\n        "
  USE@472..502
    IMPORT_KW@472..478 "import"
    WHITESPACE@478..479 " "
    USE_TREE@479..501
      PATH@479..488
        PATH@479..483
          PATH_SEGMENT@479..483
            NAME_REF@479..483
              IDENT@479..483 "some"
        DOT@483..484 "."
        PATH_SEGMENT@484..488
          NAME_REF@484..488
            IDENT@484..488 "path"
      WHITESPACE@488..489 " "
      RENAME@489..501
        AS_KW@489..491 "as"
        WHITESPACE@491..492 " "
        NAME@492..501
          IDENT@492..501 "some_name"
    SEMI@501..502 ";"
  WHITESPACE@502..511 "\n        "
  USE@511..707
    IMPORT_KW@511..517 "import"
    WHITESPACE@517..518 " "
    USE_TREE@518..706
      PATH@518..522
        PATH_SEGMENT@518..522
          NAME_REF@518..522
            IDENT@518..522 "some"
      DOT@522..523 "."
      USE_TREE_LIST@523..706
        L_CURLY@523..524 "{"
        WHITESPACE@524..537 "\n            "
        USE_TREE@537..566
          PATH@537..547
            PATH@537..542
              PATH_SEGMENT@537..542
                NAME_REF@537..542
                  IDENT@537..542 "other"
            DOT@542..543 "."
            PATH_SEGMENT@543..547
              NAME_REF@543..547
                IDENT@543..547 "path"
          WHITESPACE@547..548 " "
          RENAME@548..566
            AS_KW@548..550 "as"
            WHITESPACE@550..551 " "
            NAME@551..566
              IDENT@551..566 "some_other_name"
        COMMA@566..567 ","
        WHITESPACE@567..580 "\n            "
        USE_TREE@580..612
          PATH@580..594
            PATH@580..589
              PATH_SEGMENT@580..589
                NAME_REF@580..589
                  IDENT@580..589 "different"
            DOT@589..590 "."
            PATH_SEGMENT@590..594
              NAME_REF@590..594
                IDENT@590..594 "path"
          WHITESPACE@594..595 " "
          RENAME@595..612
            AS_KW@595..597 "as"
            WHITESPACE@597..598 " "
            NAME@598..612
              IDENT@598..612 "different_name"
        COMMA@612..613 ","
        WHITESPACE@613..626 "\n            "
        USE_TREE@626..642
          PATH@626..642
            PATH@626..637
              PATH@626..629
                PATH_SEGMENT@626..629
                  NAME_REF@626..629
                    IDENT@626..629 "yet"
              DOT@629..630 "."
              PATH_SEGMENT@630..637
                NAME_REF@630..637
                  IDENT@630..637 "another"
            DOT@637..638 "."
            PATH_SEGMENT@638..642
              NAME_REF@638..642
                IDENT@638..642 "path"
        COMMA@642..643 ","
        WHITESPACE@643..656 "\n            "
        USE_TREE@656..696
          PATH@656..694
            PATH@656..684
              PATH@656..679
                PATH@656..670
                  PATH@656..667
                    PATH@656..663
                      PATH_SEGMENT@656..663
                        NAME_REF@656..663
                          IDENT@656..663 "running"
                    DOT@663..664 "."
                    PATH_SEGMENT@664..667
                      NAME_REF@664..667
                        IDENT@664..667 "out"
                  DOT@667..668 "."
                  PATH_SEGMENT@668..670
                    NAME_REF@668..670
                      IDENT@668..670 "of"
                DOT@670..671 "."
                PATH_SEGMENT@671..679
                  NAME_REF@671..679
                    IDENT@671..679 "synonyms"
              DOT@679..680 "."
              PATH_SEGMENT@680..684
                NAME_REF@680..684
                  IDENT@680..684 "for_"
            DOT@684..685 "."
            PATH_SEGMENT@685..694
              NAME_REF@685..694
                IDENT@685..694 "different"
          DOT@694..695 "."
          STAR@695..696 "*"
        WHITESPACE@696..705 "\n        "
        R_CURLY@705..706 "}"
    SEMI@706..707 ";"
  WHITESPACE@707..716 "\n        "
  USE@716..732
    IMPORT_KW@716..722 "import"
    WHITESPACE@722..723 " "
    USE_TREE@723..731
      PATH@723..726
        PATH_SEGMENT@723..726
          NAME_REF@723..726
            IDENT@723..726 "Foo"
      WHITESPACE@726..727 " "
      RENAME@727..731
        AS_KW@727..729 "as"
        WHITESPACE@729..730 " "
        UNDERSCORE@730..731 "_"
    SEMI@731..732 ";"
  WHITESPACE@732..741 "\n        "
error Offset(354): expected one of `self`, `super`, `root` or an identifier
error Offset(381): expected one of `self`, `super`, `root` or an identifier
error Offset(382): expected a declaration
error Offset(383): expected a declaration
