/*
 * Copyright (c) NeXTHub Corporation. All Rights Reserved.
 * DO NOT ALTER OR REMOVE COPYRIGHT NOTICES OR THIS FILE HEADER.
 *
 * Author: Tunjay Akbarli
 *
 * Licensed under the Apache License, Version 2.0 (the "License");
 * you may not use this file except in compliance with the License.
 * You may obtain a copy of the License at:
 *
 * http://www.apache.org/licenses/LICENSE-2.0
 *
 * Unless required by applicable law or agreed to in writing, software
 * distributed under the License is distributed on an "AS IS" BASIS,
 * WITHOUT WARRANTIES OR CONDITIONS OF ANY KIND, either express or implied.
 * See the License for the specific language governing permissions and
 * limitations under the License.
 *
 * Please contact NeXTHub Corporation, 651 N Broad St, Suite 201,
 * Middletown, DE 19709, New Castle County, USA.
 */
export declare let cb: (this: X1) => void;
export declare interface I0 {
    I0Method?(a: string): string;
}
export declare interface I1 {
    I1Method?(a: number): number;
}
export declare class Base {
    public get a(): number;
    public set a(value: number);
    public constructor(a: number);
}
export declare class Derived extends Base implements I0, I1 {
    public I0Method(a: string): string;
    public I1Method(a: number): number;
    public get b(): number;
    public set b(value: number);
    public constructor(a: number, b: number);
}
export declare class X {
    public get a(): number;
    public set a(value: number);
    protected get b(): number;
    protected set b(value: number);
    constructor();
}
export declare class X1 {
    public foo(): void;
    constructor();
}
export declare class X2 {
    public foo2(): this;
    constructor();
}
export declare class C {
    public foo(): void;
    constructor();
}
export declare class C1 {
    public foo1(n?: number): void;
    constructor();
}
export declare class C2 {
    public foo2(...nums: Array<number>): void;
    constructor();
}
export declare class C3 {
    public foo3(): void;
    constructor();
}
export declare class C4 {
    public foo4(): Promise<void>;
    constructor();
}
export declare class C5 {
    public static foo5(): void;
    constructor();
}
export declare class C6 {
    public static foo6(n?: number): void;
    constructor();
}
export declare class C7 {
    public static foo7(...nums: Array<number>): void;
    constructor();
}
export declare class C8 {
    public foo8(): void;
    constructor();
}
export declare class C9 {
    public static foo9(): Promise<void>;
    constructor();
}
export declare class C10 {
    public get s(): string;
    public set s(value: string);
    constructor();
}
export declare class C11 {
    public static get foo11(): number;
    public static set foo11(value: number);
    constructor();
}
export declare class Person {
    public constructor(name: string);
    public get name(): string;
    public set name(value: string);
}
export declare class A {
    constructor();
}
export declare abstract class Animal {
    public abstract move(): void;
    constructor();
}
declare class B {
    public foo(): void;
    constructor();
}
export declare class D extends B {
    public foo(): void;
    constructor();
}
export declare class C12 {
    public foo(i: "some str"): number;
    constructor();
}
export declare class DeviceInfo {
    public DeviceInfo(): void;
    public static get instance(): DeviceInfo | undefined;
    public static set instance(value: DeviceInfo | undefined);
    constructor();
}
export declare class ReadOnlyClass {
    public foo1(nums: readonly number[]): void;
    public foo2(nums: readonly [number , string]): void;
    public foo3(nums: readonly number[]): void;
    public static foo4(nums: readonly number[]): void;
    public foo5(...nums: readonly number[]): void;
    public constructor(nums: readonly [number , string]);
}
export declare class Dog {
    public get s(): string;
    public set s(value: string);
    public get n(): number;
    public set n(value: number);
    public foo1(s?: string, n?: number): void;
    public constructor(s?: string | undefined, n?: number | undefined);
}
export declare interface I2 {
    test(): void;
}
export declare interface I3 extends I2 {
    foo?(): void;
}
