/*
 * Copyright (c) NeXTHub Corporation. All Rights Reserved.
 * DO NOT ALTER OR REMOVE COPYRIGHT NOTICES OR THIS FILE HEADER.
 *
 * Author: Tunjay Akbarli
 *
 * Licensed under the Apache License, Version 2.0 (the "License");
 * you may not use this file except in compliance with the License.
 * You may obtain a copy of the License at:
 *
 * http://www.apache.org/licenses/LICENSE-2.0
 *
 * Unless required by applicable law or agreed to in writing, software
 * distributed under the License is distributed on an "AS IS" BASIS,
 * WITHOUT WARRANTIES OR CONDITIONS OF ANY KIND, either express or implied.
 * See the License for the specific language governing permissions and
 * limitations under the License.
 *
 * Please contact NeXTHub Corporation, 651 N Broad St, Suite 201,
 * Middletown, DE 19709, New Castle County, USA.
 */
export declare function foo3(a: Array<string>): void;
export declare function foo6(iface5: Iface5): void;
export declare interface Iface {
    n: number;
    s(): string;
}
export declare interface Iface2 {
    foo1(): void;
}
export declare interface Iface3 {
    foo2(...nums: Array<number>): void;
}
export declare class C {
    public static foo3(a: Array<string>): void;
    public bar(a: Array<string>): void;
    constructor();
}
export declare interface Iface4 {
    foo3(a: Array<string>): void;
}
export declare interface I {
    s: string;
}
export declare interface Iface5 {
    foo5(): void;
}
export declare interface I01 {
    str: string;
    readonly s_read: string;
    s_optional?: string | undefined;
    get num1(): number;
    set num2(value: number);
    clsMethod: (args: string) => string;
    clsMethod1: (args: string) => string;
}
export declare interface I02 {
    a: A.B;
    foo(): A.B;
}
export declare interface Literal_Function_handler_Object_error {
    handler: ESObject;
    error: ESObject;
    toJSON(): ESObject;
}
declare interface I03 {
}
declare enum E01 {
    a = 1,
    b = 2,
}
declare enum E02 {
    a = 1,
    b = 2,
}
export declare interface I04 extends I03 {
    e: E01;
    f: E02;
    g: E01 | E02;
}
export declare class C01 implements N01.I {
    constructor();
}
declare namespace A {
    type B = number;
}
export declare namespace N01 {
    interface I {
    }
}
